[websmirno.site/viktor/electron/index.html]
[backblue.gif]
[fade.gif]
[index.html]
[websmirno.site/viktor/electron/images/favicon.png]
[websmirno.site/viktor/electron/index-2.html]
[websmirno.site/viktor/electron/images/logo.png]
[websmirno.site/viktor/electron/about.html]
[websmirno.site/viktor/electron/testimonials.html]
[websmirno.site/viktor/electron/services.html]
[websmirno.site/viktor/electron/services-item.html]
[websmirno.site/viktor/electron/prices.html]
[websmirno.site/viktor/electron/gallery.html]
[websmirno.site/viktor/electron/blog.html]
[websmirno.site/viktor/electron/blog-item.html]
[websmirno.site/viktor/electron/shop.html]
[websmirno.site/viktor/electron/shop-item.html]
[websmirno.site/viktor/electron/faq.html]
[websmirno.site/viktor/electron/contact.html]
[websmirno.site/viktor/electron/images/bolt.gif]
[websmirno.site/viktor/electron/all.11.delayed]
[websmirno.site/viktor/electron/residences.12.delayed]
[websmirno.site/viktor/electron/industrial_objects]
[websmirno.site/viktor/electron/offices]
[websmirno.site/viktor/electron/retail_objects]
[websmirno.site/viktor/electron/images/gallery01-01.jpg]
[websmirno.site/viktor/electron/images/gallery01-02.jpg]
[websmirno.site/viktor/electron/images/gallery01-04.jpg]
[websmirno.site/viktor/electron/images/gallery01-05.jpg]
[websmirno.site/viktor/electron/images/gallery01-06.jpg]
[websmirno.site/viktor/electron/images/gallery01-07.jpg]
[websmirno.site/viktor/electron/images/gallery01-08.jpg]
[websmirno.site/viktor/electron/images/gallery01-09.jpg]
[websmirno.site/viktor/electron/images/gallery01-10.jpg]
[websmirno.site/viktor/electron/images/logo-dark.png]
[ajax.googleapis.com/ajax/libs/jquery/3.4.1/jquery.min.js]
[websmirno.site/viktor/electron/js/bundle.js]
[websmirno.site/viktor/electron/index.html]
[websmirno.site/viktor/electron/font-icons/fonts/electrician85f0.eot]
[websmirno.site/viktor/electron/font-icons/fonts/electrician85f0.ttf]
[websmirno.site/viktor/electron/font-icons/fonts/electrician85f0.woff]
[websmirno.site/viktor/electron/images/services-promo-bg.png]
[websmirno.site/viktor/electron/images/border-dashed-x.png]
[websmirno.site/viktor/electron/images/border-dashed-y.png]
[websmirno.site/viktor/electron/images/coupons__bg.png]
[websmirno.site/viktor/electron/css/style.css]
[websmirno.site/viktor/electron/index-2.html]
[websmirno.site/viktor/electron/images/breadcrumb_bg.jpg]
[websmirno.site/viktor/electron/images/bg_marker02.png]
[websmirno.site/viktor/electron/images/layout01-img03.jpg]
[websmirno.site/viktor/electron/images/layout01-img03-02.jpg]
[websmirno.site/viktor/electron/images/layout01-img04.jpg]
[websmirno.site/viktor/electron/images/certificates-img01_large.jpg]
[websmirno.site/viktor/electron/images/certificates-img01.jpg]
[websmirno.site/viktor/electron/images/certificates-img02_large.jpg]
[websmirno.site/viktor/electron/images/certificates-img02.jpg]
[websmirno.site/viktor/electron/images/certificates-img03_large.jpg]
[websmirno.site/viktor/electron/images/certificates-img03.jpg]
[websmirno.site/viktor/electron/images/box01-bg-desktop.jpg]
[websmirno.site/viktor/electron/images/box04-img01.jpg]
[websmirno.site/viktor/electron/images/mask-img02.png]
[websmirno.site/viktor/electron/images/box04-img02.jpg]
[websmirno.site/viktor/electron/images/box04-img03.jpg]
[websmirno.site/viktor/electron/about.html]
[websmirno.site/viktor/electron/images/box03_img02.jpg]
[websmirno.site/viktor/electron/images/box03_img01.jpg]
[websmirno.site/viktor/electron/images/testimonials-01.jpg]
[websmirno.site/viktor/electron/images/testimonials-02.jpg]
[websmirno.site/viktor/electron/images/testimonials-03.jpg]
[websmirno.site/viktor/electron/images/testimonials-04.jpg]
[websmirno.site/viktor/electron/images/testimonials-05.jpg]
[websmirno.site/viktor/electron/images/testimonials-06.jpg]
[websmirno.site/viktor/electron/images/testimonials-07.jpg]
[websmirno.site/viktor/electron/images/testimonials-08.jpg]
[websmirno.site/viktor/electron/images/testimonials-09.jpg]
[websmirno.site/viktor/electron/testimonials.html]
[websmirno.site/viktor/electron/images/layout01-img05.jpg]
[websmirno.site/viktor/electron/filter-all.47.delayed]
[websmirno.site/viktor/electron/filter-commercial]
[websmirno.site/viktor/electron/filter-industrial]
[websmirno.site/viktor/electron/filter-residentiar]
[websmirno.site/viktor/electron/images/obj-img01.jpg]
[websmirno.site/viktor/electron/images/obj-img02.jpg]
[websmirno.site/viktor/electron/images/obj-img03.jpg]
[websmirno.site/viktor/electron/images/obj-img04.jpg]
[websmirno.site/viktor/electron/images/obj-img05.jpg]
[websmirno.site/viktor/electron/images/obj-img06.jpg]
[websmirno.site/viktor/electron/images/obj-img07.jpg]
[websmirno.site/viktor/electron/images/obj-img08.jpg]
[websmirno.site/viktor/electron/images/obj-img09.jpg]
[websmirno.site/viktor/electron/images/layout01-img06.jpg]
[websmirno.site/viktor/electron/services.html]
[websmirno.site/viktor/electron/images/services_img01.jpg]
[websmirno.site/viktor/electron/images/services_img02.jpg]
[websmirno.site/viktor/electron/images/services_img03.jpg]
[websmirno.site/viktor/electron/services-item.html]
[websmirno.site/viktor/electron/images/box01-bg02-desktop.jpg]
[websmirno.site/viktor/electron/prices.html]
[websmirno.site/viktor/electron/filter-electrical.59.delayed]
[websmirno.site/viktor/electron/filter-heating]
[websmirno.site/viktor/electron/filter-conditioning]
[websmirno.site/viktor/electron/filter-security]
[websmirno.site/viktor/electron/filter-other]
[websmirno.site/viktor/electron/images/gallery-img01.jpg]
[websmirno.site/viktor/electron/images/gallery-img02.jpg]
[websmirno.site/viktor/electron/images/gallery-img03.jpg]
[websmirno.site/viktor/electron/images/gallery-img04.jpg]
[websmirno.site/viktor/electron/images/gallery-img05.jpg]
[websmirno.site/viktor/electron/images/gallery-img06.jpg]
[websmirno.site/viktor/electron/images/gallery-img07.jpg]
[websmirno.site/viktor/electron/images/gallery-img08.jpg]
[websmirno.site/viktor/electron/images/gallery-img09.jpg]
[websmirno.site/viktor/electron/images/gallery-img10.jpg]
[websmirno.site/viktor/electron/images/gallery-img11.jpg]
[websmirno.site/viktor/electron/images/gallery-img12.jpg]
[websmirno.site/viktor/electron/ajax-content/more-gallery.html]
[websmirno.site/viktor/electron/gallery.html]
[websmirno.site/viktor/electron/images/blog/blog_img02.jpg]
[websmirno.site/viktor/electron/images/blog/blog_img02-02.jpg]
[websmirno.site/viktor/electron/images/blog/blog_img02-03.jpg]
[websmirno.site/viktor/electron/images/blog/blog_img05.jpg]
[websmirno.site/viktor/electron/images/blog/blog_img01.jpg]
[websmirno.site/viktor/electron/external/no-ui-slider/nouislider.min.js]
[websmirno.site/viktor/electron/blog.html]
[websmirno.site/viktor/electron/images/blog/blog_img01_large.jpg]
[websmirno.site/viktor/electron/images/blog/personal-box__img01.jpg]
[websmirno.site/viktor/electron/images/comments__img01.jpg]
[websmirno.site/viktor/electron/images/comments__img02.jpg]
[websmirno.site/viktor/electron/blog-item.html]
[websmirno.site/viktor/electron/images/product/product-01.jpg]
[websmirno.site/viktor/electron/images/product/product-02.jpg]
[websmirno.site/viktor/electron/images/product/product-03.jpg]
[websmirno.site/viktor/electron/images/product/product-04.jpg]
[websmirno.site/viktor/electron/images/product/product-05.jpg]
[websmirno.site/viktor/electron/images/product/product-06.jpg]
[websmirno.site/viktor/electron/images/product/product-07.jpg]
[websmirno.site/viktor/electron/images/product/product-08.jpg]
[websmirno.site/viktor/electron/images/product/product-09.jpg]
[websmirno.site/viktor/electron/shop.html]
[websmirno.site/viktor/electron/images/product/product-10.jpg]
[websmirno.site/viktor/electron/images/product/product-10-02.jpg]
[websmirno.site/viktor/electron/images/product/product-10-04.jpg]
[websmirno.site/viktor/electron/images/product/product-10-05.jpg]
[websmirno.site/viktor/electron/shop-item.html]
[websmirno.site/viktor/electron/faq.html]
[websmirno.site/viktor/electron/contact.html]
[websmirno.site/viktor/electron/all.html]
[websmirno.site/viktor/electron/residences.html]
[websmirno.site/viktor/electron/industrial_objects.html]
[websmirno.site/viktor/electron/offices.html]
[websmirno.site/viktor/electron/retail_objects.html]
[websmirno.site/viktor/electron/font-icons/fonts/electrician85f0.svg]
[websmirno.site/viktor/electron/filter-all.html]
[websmirno.site/viktor/electron/filter-commercial.html]
[websmirno.site/viktor/electron/filter-industrial.html]
[websmirno.site/viktor/electron/filter-residentiar.html]
[websmirno.site/viktor/electron/filter-electrical.html]
[websmirno.site/viktor/electron/filter-heating.html]
[websmirno.site/viktor/electron/filter-conditioning.html]
[websmirno.site/viktor/electron/filter-security.html]
[websmirno.site/viktor/electron/filter-other.html]
[websmirno.site/viktor/electron/images/gallery01-03.jpg]
[websmirno.site/viktor/electron/ajax-content/images/gallery-img01.83.delayed]
[websmirno.site/viktor/electron/ajax-content/images/gallery-img02.jpg]
[websmirno.site/viktor/electron/ajax-content/images/gallery-img03.jpg]
[websmirno.site/viktor/electron/ajax-content/images/gallery-img04.jpg]
[websmirno.site/viktor/electron/ajax-content/images/gallery-img05.jpg]
[websmirno.site/viktor/electron/ajax-content/more-gallery.html]
[websmirno.site/viktor/electron/images/product/product-10-03.jpg]
[websmirno.site/viktor/electron/ajax-content/images/gallery-img01.html]
[websmirno.site/viktor/electron/ajax-content/images/gallery-img02.html]
[websmirno.site/viktor/electron/ajax-content/images/gallery-img03.html]
[websmirno.site/viktor/electron/ajax-content/images/gallery-img04.html]
[websmirno.site/viktor/electron/ajax-content/images/gallery-img05.html]
